// Jest Snapshot v1, https://goo.gl/fbAQLP

exports[`renders Image 1`] = `
.emotion-0 {
  -webkit-animation-duration: 1s;
  animation-duration: 1s;
  -webkit-animation-fill-mode: both;
  animation-fill-mode: both;
  -webkit-animation-name: animation-5j8bii;
  animation-name: animation-5j8bii;
  max-width: 100%;
  border-radius: 0.1875rem;
}

.emotion-1 {
  -webkit-animation-duration: 1s;
  animation-duration: 1s;
  -webkit-animation-fill-mode: both;
  animation-fill-mode: both;
  -webkit-animation-name: animation-5j8bii;
  animation-name: animation-5j8bii;
  max-width: 100%;
  max-height: 100%;
  border-radius: 50%;
}

<div>
  <img
    alt="Jelly Fish"
    className="emotion-0"
    src="https://source.unsplash.com/ngcX09jzLE0/800x533"
  />
  <img
    alt="Jelly Fish"
    className="emotion-1"
    src="https://source.unsplash.com/ngcX09jzLE0/800x533"
  />
</div>
`;
